Nothing
Just []
Just [False]
Just [True]
Just [False,False]
Just [False,True]
Just [True,False]
Just [False,False,False]
Just [True,True]
Just [False,False,True]
Just [False,True,False]
Just [True,False,False]
Just [False,False,False,False]
Just [False,True,True]
Just [True,False,True]
Just [False,False,False,True]
Just [True,True,False]
Just [False,False,True,False]
Just [False,True,False,False]
Just [True,False,False,False]
Just [False,False,False,False,False]
Just [True,True,True]
Just [False,False,True,True]
Just [False,True,False,True]
Just [True,False,False,True]
Just [False,False,False,False,True]
Just [False,True,True,False]
Just [True,False,True,False]
Just [False,False,False,True,False]
Just [True,True,False,False]
Just [False,False,True,False,False]
Just [False,True,False,False,False]
Just [True,False,False,False,False]
Just [False,False,False,False,False,False]
Just [False,True,True,True]
Just [True,False,True,True]
Just [False,False,False,True,True]
Just [True,True,False,True]
Just [False,False,True,False,True]
Just [False,True,False,False,True]
