Nothing
Just []
Just [0]
Just [-1]
Just [0,0]
Just [1]
Just [0,-1]
Just [-1,0]
Just [0,0,0]
Just [-2]
Just [0,1]
Just [-1,-1]
Just [0,0,-1]
Just [1,0]
Just [0,-1,0]
Just [-1,0,0]
Just [0,0,0,0]
Just [2]
Just [0,-2]
Just [-1,1]
Just [0,0,1]
Just [1,-1]
Just [0,-1,-1]
Just [-1,0,-1]
Just [0,0,0,-1]
Just [-2,0]
Just [0,1,0]
Just [-1,-1,0]
Just [0,0,-1,0]
Just [1,0,0]
Just [0,-1,0,0]
Just [-1,0,0,0]
Just [0,0,0,0,0]
Just [-3]
Just [0,2]
Just [-1,-2]
Just [0,0,-2]
Just [1,1]
Just [0,-1,1]
Just [-1,0,1]
